Flow report for model_top
Tue Jun 09 09:04:33 2026
Quartus Prime Version 20.1.0 Build 711 06/05/2020 SJ Standard Edition


---------------------
; Table of Contents ;
---------------------
  1. Legal Notice
  2. Flow Summary
  3. Flow Settings
  4. Flow Non-Default Global Settings
  5. Flow Elapsed Time
  6. Flow OS Summary
  7. Flow Log
  8. Flow Messages
  9. Flow Suppressed Messages



----------------
; Legal Notice ;
----------------
Copyright (C) 2020  Intel Corporation. All rights reserved.
Your use of Intel Corporation's design tools, logic functions 
and other software and tools, and any partner logic 
functions, and any output files from any of the foregoing 
(including device programming or simulation files), and any 
associated documentation or information are expressly subject 
to the terms and conditions of the Intel Program License 
Subscription Agreement, the Intel Quartus Prime License Agreement,
the Intel FPGA IP License Agreement, or other applicable license
agreement, including, without limitation, that your use is for
the sole purpose of programming logic devices manufactured by
Intel and sold by Intel or its authorized distributors.  Please
refer to the applicable agreement for further details, at
https://fpgasoftware.intel.com/eula.



+-----------------------------------------------------------------------------------+
; Flow Summary                                                                      ;
+---------------------------------+-------------------------------------------------+
; Flow Status                     ; Successful - Tue Jun 09 09:04:33 2026           ;
; Quartus Prime Version           ; 20.1.0 Build 711 06/05/2020 SJ Standard Edition ;
; Revision Name                   ; model_top                                       ;
; Top-level Entity Name           ; model_top                                       ;
; Family                          ; Cyclone V                                       ;
; Device                          ; 5CSEMA5F31C6                                    ;
; Timing Models                   ; Final                                           ;
; Logic utilization (in ALMs)     ; 12,513 / 32,070 ( 39 % )                        ;
; Total registers                 ; 21796                                           ;
; Total pins                      ; 14 / 457 ( 3 % )                                ;
; Total virtual pins              ; 0                                               ;
; Total block memory bits         ; 868,672 / 4,065,280 ( 21 % )                    ;
; Total DSP Blocks                ; 31 / 87 ( 36 % )                                ;
; Total HSSI RX PCSs              ; 0                                               ;
; Total HSSI PMA RX Deserializers ; 0                                               ;
; Total HSSI TX PCSs              ; 0                                               ;
; Total HSSI PMA TX Serializers   ; 0                                               ;
; Total PLLs                      ; 0 / 6 ( 0 % )                                   ;
; Total DLLs                      ; 0 / 4 ( 0 % )                                   ;
+---------------------------------+-------------------------------------------------+


+-----------------------------------------+
; Flow Settings                           ;
+-------------------+---------------------+
; Option            ; Setting             ;
+-------------------+---------------------+
; Start date & time ; 06/09/2026 07:39:06 ;
; Main task         ; Compilation         ;
; Revision Name     ; model_top           ;
+-------------------+---------------------+


+-------------------------------------------------------------------------------------------------------------------------------------------------+
; Flow Non-Default Global Settings                                                                                                                ;
+--------------------------------------+----------------------------------------+---------------+-------------+-----------------------------------+
; Assignment Name                      ; Value                                  ; Default Value ; Entity Name ; Section Id                        ;
+--------------------------------------+----------------------------------------+---------------+-------------+-----------------------------------+
; ALLOW_REGISTER_MERGING               ; Off                                    ; On            ; --          ; --                                ;
; ALLOW_REGISTER_RETIMING              ; Off                                    ; On            ; --          ; --                                ;
; COMPILER_SIGNATURE_ID                ; 2222737845120.178101594618928          ; --            ; --          ; --                                ;
; EDA_DESIGN_INSTANCE_NAME             ; uut                                    ; --            ; --          ; tb_lenet_top                      ;
; EDA_ENABLE_GLITCH_FILTERING          ; Off                                    ; --            ; --          ; eda_simulation                    ;
; EDA_GENERATE_FUNCTIONAL_NETLIST      ; Off                                    ; --            ; --          ; eda_board_design_timing           ;
; EDA_GENERATE_FUNCTIONAL_NETLIST      ; Off                                    ; --            ; --          ; eda_board_design_boundary_scan    ;
; EDA_GENERATE_FUNCTIONAL_NETLIST      ; Off                                    ; --            ; --          ; eda_board_design_signal_integrity ;
; EDA_GENERATE_FUNCTIONAL_NETLIST      ; Off                                    ; --            ; --          ; eda_board_design_symbol           ;
; EDA_MAP_ILLEGAL_CHARACTERS           ; On                                     ; --            ; --          ; eda_simulation                    ;
; EDA_NATIVELINK_SIMULATION_TEST_BENCH ; tb_lenet_top                           ; --            ; --          ; eda_simulation                    ;
; EDA_OUTPUT_DATA_FORMAT               ; Systemverilog Hdl                      ; --            ; --          ; eda_simulation                    ;
; EDA_SIMULATION_TOOL                  ; ModelSim-Altera (SystemVerilog)        ; <None>        ; --          ; --                                ;
; EDA_TEST_BENCH_DESIGN_INSTANCE_NAME  ; uut                                    ; --            ; --          ; eda_simulation                    ;
; EDA_TEST_BENCH_ENABLE_STATUS         ; TEST_BENCH_MODE                        ; --            ; --          ; eda_simulation                    ;
; EDA_TEST_BENCH_FILE                  ; tb_lenet_top.sv                        ; --            ; --          ; tb_lenet_top                      ;
; EDA_TEST_BENCH_MODULE_NAME           ; tb_lenet_top                           ; --            ; --          ; tb_lenet_top                      ;
; EDA_TEST_BENCH_NAME                  ; tb_lenet_top                           ; --            ; --          ; eda_simulation                    ;
; EDA_TIME_SCALE                       ; 1 ps                                   ; --            ; --          ; eda_simulation                    ;
; EDA_WRITE_NODES_FOR_POWER_ESTIMATION ; ALL_NODES                              ; --            ; --          ; eda_simulation                    ;
; MAX_CORE_JUNCTION_TEMP               ; 85                                     ; --            ; --          ; --                                ;
; MIN_CORE_JUNCTION_TEMP               ; 0                                      ; --            ; --          ; --                                ;
; PARTITION_COLOR                      ; -- (Not supported for targeted family) ; --            ; --          ; Top                               ;
; PARTITION_FITTER_PRESERVATION_LEVEL  ; -- (Not supported for targeted family) ; --            ; --          ; Top                               ;
; PARTITION_NETLIST_TYPE               ; -- (Not supported for targeted family) ; --            ; --          ; Top                               ;
; POWER_BOARD_THERMAL_MODEL            ; None (CONSERVATIVE)                    ; --            ; --          ; --                                ;
; POWER_PRESET_COOLING_SOLUTION        ; 23 MM HEAT SINK WITH 200 LFPM AIRFLOW  ; --            ; --          ; --                                ;
; PROJECT_OUTPUT_DIRECTORY             ; output_files                           ; --            ; --          ; --                                ;
; REMOVE_DUPLICATE_REGISTERS           ; Off                                    ; On            ; --          ; --                                ;
; VERILOG_CONSTANT_LOOP_LIMIT          ; 100000                                 ; 5000          ; --          ; --                                ;
+--------------------------------------+----------------------------------------+---------------+-------------+-----------------------------------+


+--------------------------------------------------------------------------------------------------------------------------+
; Flow Elapsed Time                                                                                                        ;
+----------------------+--------------+-------------------------+---------------------+------------------------------------+
; Module Name          ; Elapsed Time ; Average Processors Used ; Peak Virtual Memory ; Total CPU Time (on all processors) ;
+----------------------+--------------+-------------------------+---------------------+------------------------------------+
; Analysis & Synthesis ; 00:08:01     ; 1.4                     ; 5328 MB             ; 00:08:29                           ;
; Fitter               ; 00:15:23     ; 1.1                     ; 7881 MB             ; 00:42:44                           ;
; Assembler            ; 00:00:19     ; 1.0                     ; 5122 MB             ; 00:00:11                           ;
; Timing Analyzer      ; 00:00:23     ; 4.7                     ; 5829 MB             ; 00:01:24                           ;
; EDA Netlist Writer   ; 00:00:05     ; 1.0                     ; 4984 MB             ; 00:00:04                           ;
; Power Analyzer       ; 00:03:10     ; 1.2                     ; 5711 MB             ; 00:03:29                           ;
; Total                ; 00:27:21     ; --                      ; --                  ; 00:56:21                           ;
+----------------------+--------------+-------------------------+---------------------+------------------------------------+


+------------------------------------------------------------------------------------+
; Flow OS Summary                                                                    ;
+----------------------+------------------+------------+------------+----------------+
; Module Name          ; Machine Hostname ; OS Name    ; OS Version ; Processor type ;
+----------------------+------------------+------------+------------+----------------+
; Analysis & Synthesis ; Daniel_Laptop    ; Windows 10 ; 10.0       ; x86_64         ;
; Fitter               ; Daniel_Laptop    ; Windows 10 ; 10.0       ; x86_64         ;
; Assembler            ; Daniel_Laptop    ; Windows 10 ; 10.0       ; x86_64         ;
; Timing Analyzer      ; Daniel_Laptop    ; Windows 10 ; 10.0       ; x86_64         ;
; EDA Netlist Writer   ; Daniel_Laptop    ; Windows 10 ; 10.0       ; x86_64         ;
; Power Analyzer       ; Daniel_Laptop    ; Windows 10 ; 10.0       ; x86_64         ;
+----------------------+------------------+------------+------------+----------------+


------------
; Flow Log ;
------------
quartus_map --read_settings_files=on --write_settings_files=off row_stationary -c model_top
quartus_fit --read_settings_files=off --write_settings_files=off row_stationary -c model_top
quartus_asm --read_settings_files=off --write_settings_files=off row_stationary -c model_top
quartus_sta row_stationary -c model_top
quartus_eda --read_settings_files=off --write_settings_files=off row_stationary -c model_top
quartus_pow --read_settings_files=on --write_settings_files=off row_stationary -c model_top



