Early Power Estimator File Generator report for model_top
Sat Jun 06 01:17:32 2026
Quartus Prime Version 20.1.0 Build 711 06/05/2020 SJ Standard Edition


---------------------
; Table of Contents ;
---------------------
  1. Legal Notice
  2. Parallel Compilation
  3. Early Power Estimator File Generator Summary
  4. Early Power Estimator File Generator Settings
  5. Indeterminate Toggle Rates
  6. Early Power Estimator File Generator Generated Files
  7. Power Analyzer Simulation Files Read
  8. Confidence Metric Details
  9. Signal Activities
 10. Early Power Estimator File Generator Messages



----------------
; Legal Notice ;
----------------
Copyright (C) 2020  Intel Corporation. All rights reserved.
Your use of Intel Corporation's design tools, logic functions 
and other software and tools, and any partner logic 
functions, and any output files from any of the foregoing 
(including device programming or simulation files), and any 
associated documentation or information are expressly subject 
to the terms and conditions of the Intel Program License 
Subscription Agreement, the Intel Quartus Prime License Agreement,
the Intel FPGA IP License Agreement, or other applicable license
agreement, including, without limitation, that your use is for
the sole purpose of programming logic devices manufactured by
Intel and sold by Intel or its authorized distributors.  Please
refer to the applicable agreement for further details, at
https://fpgasoftware.intel.com/eula.



+------------------------------------------+
; Parallel Compilation                     ;
+----------------------------+-------------+
; Processors                 ; Number      ;
+----------------------------+-------------+
; Number detected on machine ; 16          ;
; Maximum allowed            ; 10          ;
;                            ;             ;
; Average used               ; 1.00        ;
; Maximum used               ; 3           ;
;                            ;             ;
; Usage by Processor         ; % Time Used ;
;     Processor 1            ; 100.0%      ;
;     Processor 2            ;   0.0%      ;
;     Processor 3            ;   0.0%      ;
+----------------------------+-------------+


+------------------------------------------------------------------------------------------------+
; Early Power Estimator File Generator Summary                                                   ;
+---------------------------------------------+--------------------------------------------------+
; Early Power Estimator File Generator Status ; Failed - Sat Jun 06 01:17:32 2026                ;
; Quartus Prime Version                       ; 20.1.0 Build 711 06/05/2020 SJ Standard Edition  ;
; Revision Name                               ; model_top                                        ;
; Top-level Entity Name                       ; model_top                                        ;
; Family                                      ; Cyclone V                                        ;
; Device                                      ; 5CSEMA5F31C6                                     ;
; Power Estimation Confidence                 ; Low: user provided insufficient toggle rate data ;
+---------------------------------------------+--------------------------------------------------+


+--------------------------------------------------------------------------------------------------------------------------+
; Early Power Estimator File Generator Settings                                                                            ;
+------------------------------------------------------------------+---------------------------------------+---------------+
; Option                                                           ; Setting                               ; Default Value ;
+------------------------------------------------------------------+---------------------------------------+---------------+
; Use smart compilation                                            ; Off                                   ; Off           ;
; Enable parallel Assembler and Timing Analyzer during compilation ; On                                    ; On            ;
; Enable compact report table                                      ; Off                                   ; Off           ;
; Default Power Input I/O Toggle Rate                              ; 12.5%                                 ; 12.5%         ;
; Use Input Files                                                  ; On                                    ; Off           ;
; Preset Cooling Solution                                          ; 23 MM HEAT SINK WITH 200 LFPM AIRFLOW ;               ;
; Board thermal model                                              ; None (CONSERVATIVE)                   ;               ;
; Default Power Toggle Rate                                        ; 12.5%                                 ; 12.5%         ;
; Use vectorless estimation                                        ; On                                    ; On            ;
; Filter Glitches in VCD File Reader                               ; On                                    ; On            ;
; Power Analyzer Report Signal Activity                            ; Off                                   ; Off           ;
; Power Analyzer Report Power Dissipation                          ; Off                                   ; Off           ;
; Device Power Characteristics                                     ; TYPICAL                               ; TYPICAL       ;
; Automatically Compute Junction Temperature                       ; On                                    ; On            ;
; Specified Junction Temperature                                   ; 25                                    ; 25            ;
; Ambient Temperature                                              ; 25                                    ; 25            ;
; Use Custom Cooling Solution                                      ; Off                                   ; Off           ;
; Board Temperature                                                ; 25                                    ; 25            ;
; Enable HPS                                                       ; Off                                   ; Off           ;
; Processor Frequency                                              ; 0.0                                   ; 0.0           ;
+------------------------------------------------------------------+---------------------------------------+---------------+


+--------------------------------------------------+
; Indeterminate Toggle Rates                       ;
+--------------------+-----------------------------+
; Node               ; Reason                      ;
+--------------------+-----------------------------+
; clk                ; No valid clock domain found ;
; rst_n              ; No valid clock domain found ;
; start              ; No valid clock domain found ;
; clk~inputCLKENA0   ; No valid clock domain found ;
; rst_n~inputCLKENA0 ; No valid clock domain found ;
+--------------------+-----------------------------+


+------------------------------------------------------------------------------------------+
; Early Power Estimator File Generator Generated Files                                     ;
+----------------------------------------------------------------+-------------------------+
; Description                                                    ; Filename                ;
+----------------------------------------------------------------+-------------------------+
; Design summary for PowerPlay Early Power Estimator spreadsheet ; model_top_early_pwr.csv ;
+----------------------------------------------------------------+-------------------------+


+---------------------------------------------------------------------------------------------------------+
; Power Analyzer Simulation Files Read                                                                    ;
+---------+---------------+-----------+------------+----------------+--------------+-----------+----------+
; File ID ; File Name     ; File Type ; Entity     ; VCD Start Time ; VCD End Time ; Unknown % ; Toggle % ;
+---------+---------------+-----------+------------+----------------+--------------+-----------+----------+
; f1      ; lenet_sim.vcd ; VCD       ; |model_top ; N/A            ; N/A          ; N/A       ; N/A      ;
+---------+---------------+-----------+------------+----------------+--------------+-----------+----------+


+--------------------------------------------------------------------------------------------------------------------------------------------------------+
; Confidence Metric Details                                                                                                                              ;
+----------------------------------------------------------------------------------------+----------------+------------+----------------+----------------+
; Data Source                                                                            ; Total          ; Pin        ; Registered     ; Combinational  ;
+----------------------------------------------------------------------------------------+----------------+------------+----------------+----------------+
; Simulation (from file)                                                                 ;                ;            ;                ;                ;
;     -- Number of signals with Toggle Rate from Simulation                              ; 0 (0.0%)       ; 0 (0.0%)   ; 0 (0.0%)       ; 0 (0.0%)       ;
;     -- Number of signals with Static Probability from Simulation                       ; 0 (0.0%)       ; 0 (0.0%)   ; 0 (0.0%)       ; 0 (0.0%)       ;
;                                                                                        ;                ;            ;                ;                ;
; Node, entity or clock assignment                                                       ;                ;            ;                ;                ;
;     -- Number of signals with Toggle Rate from Node, entity or clock assignment        ; 0 (0.0%)       ; 0 (0.0%)   ; 0 (0.0%)       ; 0 (0.0%)       ;
;     -- Number of signals with Static Probability from Node, entity or clock assignment ; 2 (0.0%)       ; 0 (0.0%)   ; 0 (0.0%)       ; 2 (0.0%)       ;
;                                                                                        ;                ;            ;                ;                ;
; Vectorless estimation                                                                  ;                ;            ;                ;                ;
;     -- Number of signals with Toggle Rate from Vectorless estimation                   ; 40892 (100.0%) ; 12 (85.7%) ; 20802 (100.0%) ; 20078 (100.0%) ;
;     -- Number of signals with Zero toggle rate, from Vectorless estimation             ; 27 (0.1%)      ; 0 (0.0%)   ; 9 (0.0%)       ; 18 (0.1%)      ;
;     -- Number of signals with Static Probability from Vectorless estimation            ; 40890 (100.0%) ; 12 (85.7%) ; 20802 (100.0%) ; 20076 (100.0%) ;
;                                                                                        ;                ;            ;                ;                ;
; Default assignment                                                                     ;                ;            ;                ;                ;
;     -- Number of signals with Toggle Rate from Default assignment                      ; 0 (0.0%)       ; 0 (0.0%)   ; 0 (0.0%)       ; 0 (0.0%)       ;
;     -- Number of signals with Static Probability from Default assignment               ; 2 (0.0%)       ; 2 (14.3%)  ; 0 (0.0%)       ; 0 (0.0%)       ;
;                                                                                        ;                ;            ;                ;                ;
; Assumed 0                                                                              ;                ;            ;                ;                ;
;     -- Number of signals with Toggle Rate assumed 0                                    ; 2 (0.0%)       ; 2 (14.3%)  ; 0 (0.0%)       ; 0 (0.0%)       ;
+----------------------------------------------------------------------------------------+----------------+------------+----------------+----------------+


+-----------------------------------------------------------------------------------------------------------------------------------------------------+
; Signal Activities                                                                                                                                   ;
+--------+------+---------------------------------------------+-----------------------------+--------------------+------------------------------------+
; Signal ; Type ; Toggle Rate (millions of transitions / sec) ; Toggle Rate Data Source (1) ; Static Probability ; Static Probability Data Source (1) ;
+--------+------+---------------------------------------------+-----------------------------+--------------------+------------------------------------+
(1) The "Signal Activity" Table has been hidden. To show this table, please select the "Write signal activities to report file" option under "PowerPlay Power Analyzer Settings".


+-----------------------------------------------+
; Early Power Estimator File Generator Messages ;
+-----------------------------------------------+
Info: *******************************************************************
Info: Running Quartus Prime Early Power Estimator File Generator
    Info: Version 20.1.0 Build 711 06/05/2020 SJ Standard Edition
    Info: Processing started: Sat Jun 06 01:17:07 2026
Info: Command: quartus_pow --read_settings_files=on --write_settings_files=off Full_Model -c model_top --estimate_power=off --output_epe=model_top_early_pwr.csv
Warning (18236): Number of processors has not been specified which may cause overloading on shared machines.  Set the global assignment NUM_PARALLEL_PROCESSORS in your QSF to an appropriate value for best performance.
Info (21077): Low junction temperature is 0 degrees C
Info (21077): High junction temperature is 85 degrees C
Info (222002): Starting scan of VCD file lenet_sim.vcd (0 ns to End of File) for signal static probabilities and transition densities
Error (222007): Parse error in VCD file lenet_sim.vcd near line 2438
Error (222011): Can't parse VCD file "lenet_sim.vcd"
Info (222003): Finished scan of VCD file lenet_sim.vcd (0 ns to End of File) for signal static probabilities and transition densities
Critical Warning (332012): Synopsys Design Constraints File file not found: 'model_top.sdc'. A Synopsys Design Constraints File is required by the Timing Analyzer to get proper timing constraints. Without it, the Compiler will not properly optimize the design.
Warning (332060): Node: clk was determined to be a clock but was found without an associated clock assignment.
    Info (13166): Register pool2_write_cnt[1] is being clocked by clk
Warning (332068): No clocks defined in design.
Info (332143): No user constrained clock uncertainty found in the design. Calling "derive_clock_uncertainty"
Info (332154): The derive_clock_uncertainty command did not apply clock uncertainty to any clock-to-clock transfers.
Info (223000): Starting Vectorless Power Activity Estimation
Warning (222013): Relative toggle rates could not be calculated because no clock domain could be identified for some nodes
Info (223001): Completed Vectorless Power Activity Estimation
Info (215037): Detailed signal activity file source information is not written to output Signal Activity File.
Critical Warning (215050): HPS power is being analyzed for a device with an HPS without HPS power.
Info (218000): Using Advanced I/O Power to simulate I/O buffers with the specified board trace model
Info (214002): Created Early Power Estimation file "model_top_early_pwr.csv"
Info (215029): No power estimate will be produced.
Info (215049): Average toggle rate for this design is 0.000 millions of transitions / sec
Error: Quartus Prime Early Power Estimator File Generator was unsuccessful. 2 errors, 6 warnings
    Error: Peak virtual memory: 5464 megabytes
    Error: Processing ended: Sat Jun 06 01:17:32 2026
    Error: Elapsed time: 00:00:25
    Error: Total CPU time (on all processors): 00:00:21


