Flow report for model_top
Sat Jun 06 19:07:28 2026
Quartus Prime Version 20.1.0 Build 711 06/05/2020 SJ Standard Edition


---------------------
; Table of Contents ;
---------------------
  1. EDA Netlist Writer Summary
  2. Legal Notice
  3. Flow Summary
  4. Flow Settings
  5. Flow Non-Default Global Settings
  6. Flow Elapsed Time
  7. Flow OS Summary
  8. Flow Log
  9. Flow Messages
 10. Flow Suppressed Messages



+-----------------------------------------------------------------------------------+
; EDA Netlist Writer Summary                                                        ;
+---------------------------------+-------------------------------------------------+
; EDA Netlist Writer Status       ; Successful - Sat Jun 06 01:15:54 2026           ;
; Revision Name                   ; model_top                                       ;
; Top-level Entity Name           ; model_top                                       ;
; Family                          ; Cyclone V                                       ;
; Simulation Files Creation       ; Successful                                      ;
; Flow Status                     ; Successful - Sat Jun 06 19:07:28 2026           ;
; Quartus Prime Version           ; 20.1.0 Build 711 06/05/2020 SJ Standard Edition ;
; Device                          ; 5CSEMA5F31C6                                    ;
; Timing Models                   ; Final                                           ;
; Logic utilization (in ALMs)     ; 14,188 / 32,070 ( 44 % )                        ;
; Total registers                 ; 20786                                           ;
; Total pins                      ; 14 / 457 ( 3 % )                                ;
; Total virtual pins              ; 0                                               ;
; Total block memory bits         ; 1,679,680 / 4,065,280 ( 41 % )                  ;
; Total DSP Blocks                ; 29 / 87 ( 33 % )                                ;
; Total HSSI RX PCSs              ; 0                                               ;
; Total HSSI PMA RX Deserializers ; 0                                               ;
; Total HSSI TX PCSs              ; 0                                               ;
; Total HSSI PMA TX Serializers   ; 0                                               ;
; Total PLLs                      ; 0 / 6 ( 0 % )                                   ;
; Total DLLs                      ; 0 / 4 ( 0 % )                                   ;
+---------------------------------+-------------------------------------------------+


----------------
; Legal Notice ;
----------------
Copyright (C) 2020  Intel Corporation. All rights reserved.
Your use of Intel Corporation's design tools, logic functions 
and other software and tools, and any partner logic 
functions, and any output files from any of the foregoing 
(including device programming or simulation files), and any 
associated documentation or information are expressly subject 
to the terms and conditions of the Intel Program License 
Subscription Agreement, the Intel Quartus Prime License Agreement,
the Intel FPGA IP License Agreement, or other applicable license
agreement, including, without limitation, that your use is for
the sole purpose of programming logic devices manufactured by
Intel and sold by Intel or its authorized distributors.  Please
refer to the applicable agreement for further details, at
https://fpgasoftware.intel.com/eula.



+-----------------------------------------------------------------------------------+
; Flow Summary                                                                      ;
+---------------------------------+-------------------------------------------------+
; Flow Status                     ; Successful - Sat Jun 06 01:15:54 2026           ;
; Quartus Prime Version           ; 20.1.0 Build 711 06/05/2020 SJ Standard Edition ;
; Revision Name                   ; model_top                                       ;
; Top-level Entity Name           ; model_top                                       ;
; Family                          ; Cyclone V                                       ;
; Device                          ; 5CSEMA5F31C6                                    ;
; Timing Models                   ; Final                                           ;
; Logic utilization (in ALMs)     ; 9,436 / 32,070 ( 29 % )                         ;
; Total registers                 ; 20786                                           ;
; Total pins                      ; 14 / 457 ( 3 % )                                ;
; Total virtual pins              ; 0                                               ;
; Total block memory bits         ; 1,679,680 / 4,065,280 ( 41 % )                  ;
; Total DSP Blocks                ; 29 / 87 ( 33 % )                                ;
; Total HSSI RX PCSs              ; 0                                               ;
; Total HSSI PMA RX Deserializers ; 0                                               ;
; Total HSSI TX PCSs              ; 0                                               ;
; Total HSSI PMA TX Serializers   ; 0                                               ;
; Total PLLs                      ; 0 / 6 ( 0 % )                                   ;
; Total DLLs                      ; 0 / 4 ( 0 % )                                   ;
+---------------------------------+-------------------------------------------------+


+-----------------------------------------+
; Flow Settings                           ;
+-------------------+---------------------+
; Option            ; Setting             ;
+-------------------+---------------------+
; Start date & time ; 06/06/2026 00:23:35 ;
; Main task         ; Compilation         ;
; Revision Name     ; model_top           ;
+-------------------+---------------------+


+-------------------------------------------------------------------------------------------------------------------------------------------------------+
; Flow Non-Default Global Settings                                                                                                                      ;
+--------------------------------------------+----------------------------------------+---------------+-------------+-----------------------------------+
; Assignment Name                            ; Value                                  ; Default Value ; Entity Name ; Section Id                        ;
+--------------------------------------------+----------------------------------------+---------------+-------------+-----------------------------------+
; ALLOW_REGISTER_MERGING                     ; Off                                    ; On            ; --          ; --                                ;
; ALLOW_REGISTER_RETIMING                    ; Off                                    ; On            ; --          ; --                                ;
; COMPILER_SIGNATURE_ID                      ; 2222737845120.178073061527944          ; --            ; --          ; --                                ;
; EDA_DESIGN_INSTANCE_NAME                   ; uut                                    ; --            ; --          ; model_top_tb                      ;
; EDA_GENERATE_FUNCTIONAL_NETLIST            ; Off                                    ; --            ; --          ; eda_board_design_timing           ;
; EDA_GENERATE_FUNCTIONAL_NETLIST            ; Off                                    ; --            ; --          ; eda_board_design_boundary_scan    ;
; EDA_GENERATE_FUNCTIONAL_NETLIST            ; Off                                    ; --            ; --          ; eda_board_design_signal_integrity ;
; EDA_GENERATE_FUNCTIONAL_NETLIST            ; Off                                    ; --            ; --          ; eda_board_design_symbol           ;
; EDA_GENERATE_RTL_SIMULATION_COMMAND_SCRIPT ; On                                     ; --            ; --          ; eda_simulation                    ;
; EDA_MAP_ILLEGAL_CHARACTERS                 ; On                                     ; --            ; --          ; eda_simulation                    ;
; EDA_NATIVELINK_SIMULATION_TEST_BENCH       ; model_top_tb                           ; --            ; --          ; eda_simulation                    ;
; EDA_OUTPUT_DATA_FORMAT                     ; Systemverilog Hdl                      ; --            ; --          ; eda_simulation                    ;
; EDA_SIMULATION_TOOL                        ; ModelSim-Altera (SystemVerilog)        ; <None>        ; --          ; --                                ;
; EDA_TEST_BENCH_DESIGN_INSTANCE_NAME        ; uut                                    ; --            ; --          ; eda_simulation                    ;
; EDA_TEST_BENCH_ENABLE_STATUS               ; TEST_BENCH_MODE                        ; --            ; --          ; eda_simulation                    ;
; EDA_TEST_BENCH_FILE                        ; tb_lenet_top.sv                        ; --            ; --          ; model_top_tb                      ;
; EDA_TEST_BENCH_MODULE_NAME                 ; model_top_tb                           ; --            ; --          ; model_top_tb                      ;
; EDA_TEST_BENCH_NAME                        ; model_top_tb                           ; --            ; --          ; eda_simulation                    ;
; EDA_TIME_SCALE                             ; 1 ps                                   ; --            ; --          ; eda_simulation                    ;
; EDA_WRITE_NODES_FOR_POWER_ESTIMATION       ; ALL_NODES                              ; --            ; --          ; eda_simulation                    ;
; MAX_CORE_JUNCTION_TEMP                     ; 85                                     ; --            ; --          ; --                                ;
; MIN_CORE_JUNCTION_TEMP                     ; 0                                      ; --            ; --          ; --                                ;
; PARTITION_COLOR                            ; -- (Not supported for targeted family) ; --            ; --          ; Top                               ;
; PARTITION_FITTER_PRESERVATION_LEVEL        ; -- (Not supported for targeted family) ; --            ; --          ; Top                               ;
; PARTITION_NETLIST_TYPE                     ; -- (Not supported for targeted family) ; --            ; --          ; Top                               ;
; POWER_BOARD_THERMAL_MODEL                  ; None (CONSERVATIVE)                    ; --            ; --          ; --                                ;
; POWER_DEFAULT_INPUT_IO_TOGGLE_RATE         ; 12.5 %                                 ; 12.5%         ; --          ; --                                ;
; POWER_INPUT_FILE_NAME                      ; lenet_sim.vcd                          ; --            ; --          ; lenet_sim.vcd                     ;
; POWER_PRESET_COOLING_SOLUTION              ; 23 MM HEAT SINK WITH 200 LFPM AIRFLOW  ; --            ; --          ; --                                ;
; POWER_USE_INPUT_FILES                      ; On                                     ; Off           ; --          ; --                                ;
; PROJECT_OUTPUT_DIRECTORY                   ; output_files                           ; --            ; --          ; --                                ;
; REMOVE_DUPLICATE_REGISTERS                 ; Off                                    ; On            ; --          ; --                                ;
; VERILOG_CONSTANT_LOOP_LIMIT                ; 100000                                 ; 5000          ; --          ; --                                ;
+--------------------------------------------+----------------------------------------+---------------+-------------+-----------------------------------+


+------------------------------------------------------------------------------------------------------------------------------------------+
; Flow Elapsed Time                                                                                                                        ;
+--------------------------------------+--------------+-------------------------+---------------------+------------------------------------+
; Module Name                          ; Elapsed Time ; Average Processors Used ; Peak Virtual Memory ; Total CPU Time (on all processors) ;
+--------------------------------------+--------------+-------------------------+---------------------+------------------------------------+
; Analysis & Synthesis                 ; 00:43:18     ; 1.0                     ; 5181 MB             ; 00:19:13                           ;
; Fitter                               ; 00:07:34     ; 1.3                     ; 7716 MB             ; 00:24:32                           ;
; Assembler                            ; 00:00:19     ; 1.0                     ; 5069 MB             ; 00:00:14                           ;
; Timing Analyzer                      ; 00:00:40     ; 4.9                     ; 5764 MB             ; 00:01:25                           ;
; EDA Netlist Writer                   ; 00:00:12     ; 1.0                     ; 4939 MB             ; 00:00:08                           ;
; Power Analyzer                       ; 00:00:34     ; 1.6                     ; 5622 MB             ; 00:00:47                           ;
; Early Power Estimator File Generator ; 00:00:25     ; 1.0                     ; 5464 MB             ; 00:00:20                           ;
; Power Analyzer                       ; 00:01:24     ; 1.3                     ; 5644 MB             ; 00:01:26                           ;
; Total                                ; 00:54:26     ; --                      ; --                  ; 00:48:05                           ;
+--------------------------------------+--------------+-------------------------+---------------------+------------------------------------+


+----------------------------------------------------------------------------------------------------+
; Flow OS Summary                                                                                    ;
+--------------------------------------+------------------+------------+------------+----------------+
; Module Name                          ; Machine Hostname ; OS Name    ; OS Version ; Processor type ;
+--------------------------------------+------------------+------------+------------+----------------+
; Analysis & Synthesis                 ; Daniel_Laptop    ; Windows 10 ; 10.0       ; x86_64         ;
; Fitter                               ; Daniel_Laptop    ; Windows 10 ; 10.0       ; x86_64         ;
; Assembler                            ; Daniel_Laptop    ; Windows 10 ; 10.0       ; x86_64         ;
; Timing Analyzer                      ; Daniel_Laptop    ; Windows 10 ; 10.0       ; x86_64         ;
; EDA Netlist Writer                   ; Daniel_Laptop    ; Windows 10 ; 10.0       ; x86_64         ;
; Power Analyzer                       ; Daniel_Laptop    ; Windows 10 ; 10.0       ; x86_64         ;
; Early Power Estimator File Generator ; Daniel_Laptop    ; Windows 10 ; 10.0       ; x86_64         ;
; Power Analyzer                       ; Daniel_Laptop    ; Windows 10 ; 10.0       ; x86_64         ;
+--------------------------------------+------------------+------------+------------+----------------+


------------
; Flow Log ;
------------
quartus_map --read_settings_files=on --write_settings_files=off Full_Model -c model_top
quartus_fit --read_settings_files=off --write_settings_files=off Full_Model -c model_top
quartus_asm --read_settings_files=off --write_settings_files=off Full_Model -c model_top
quartus_sta Full_Model -c model_top
quartus_eda --read_settings_files=off --write_settings_files=off Full_Model -c model_top
quartus_pow --read_settings_files=on --write_settings_files=off Full_Model -c model_top
quartus_pow --read_settings_files=on --write_settings_files=off Full_Model -c model_top --estimate_power=off --output_epe=model_top_early_pwr.csv
quartus_pow --read_settings_files=on --write_settings_files=off Full_Model -c model_top



